INFO:     Started server process [77426]
INFO:     Waiting for application startup.
2026-07-31 18:45:59,928 - Market Dept - INFO - [Market Dept] Market Department has started.
2026-07-31 18:45:59,928 - Technical Dept - INFO - [Technical Dept] Technical Department has started.
2026-07-31 18:45:59,951 - Technical Dept - INFO - [Technical Dept] Loaded config: ATR multiplier=1.2, Low Volatility threshold=1.5
2026-07-31 18:45:59,951 - Strategy Dept - INFO - [Strategy Dept] Strategy Department has started.
2026-07-31 18:45:59,958 - Strategy Dept - INFO - [Strategy Dept] Loaded config: min_confluence=3, SR proximity margin=0.1
2026-07-31 18:45:59,959 - Risk Dept - INFO - [Risk Dept] Risk Department has started.
2026-07-31 18:45:59,962 - Risk Dept - INFO - [Risk Dept] Loaded config: Daily loss limit=5.0%, Weekly loss limit=10.0%
2026-07-31 18:45:59,962 - Trade Dept - INFO - [Trade Dept] Trade Department has started.
2026-07-31 18:45:59,965 - Portfolio Dept - INFO - [Portfolio Dept] Portfolio Department has started.
2026-07-31 18:45:59,966 - Learning Dept - INFO - [Learning Dept] Learning Department has started.
2026-07-31 18:45:59,966 - Backtest Dept - INFO - [Backtest Dept] Backtest Department has started.
2026-07-31 18:45:59,966 - Scheduler Dept - INFO - [Scheduler Dept] Scheduler Department has started.
2026-07-31 18:45:59,966 - News Dept - INFO - [News Dept] News Department has started.
2026-07-31 18:45:59,966 - Monitoring Dept - INFO - [Monitoring Dept] Monitoring Department has started.
INFO:     Application startup complete.
INFO:     Uvicorn running on http://0.0.0.0:8000 (Press CTRL+C to quit)
2026-07-31 18:46:05,056 - Backtest Dept - INFO - [Backtest Dept] Starting Ablation & Walk-Forward Validation Engine (3 Periods)...
2026-07-31 18:46:05,056 - Backtest Dept - INFO - [Backtest Dept] Baseline (No Filters) -> Win Rate: 42.0%, PF: 0.95
2026-07-31 18:46:05,056 - Backtest Dept - INFO - [Backtest Dept] Ablation & Walk-Forward run complete. Recommendations updated.
INFO:     127.0.0.1:45378 - "GET /metrics HTTP/1.1" 200 OK
2026-07-31 18:46:25,994 - Market Dept - WARNING - [Market Dept] Data Integrity violation detected. Tick rejected: {'symbol': 'XAUUSDT', 'price': 3008.3020319284487, 'volume': 58.95427207619107, 'timestamp': 792.651183755}
2026-07-31 18:46:29,997 - Strategy Dept - WARNING - [Strategy Dept] Signal Rejected: Volatility Regime Filter (Low Volatility detected)
2026-07-31 18:46:32,004 - Strategy Dept - WARNING - [Strategy Dept] Signal Rejected: Volatility Regime Filter (Low Volatility detected)
2026-07-31 18:46:34,010 - Strategy Dept - WARNING - [Strategy Dept] Signal Rejected: Volatility Regime Filter (Low Volatility detected)
2026-07-31 18:46:36,017 - Strategy Dept - WARNING - [Strategy Dept] Signal Rejected: Volatility Regime Filter (Low Volatility detected)
2026-07-31 18:46:38,024 - Strategy Dept - WARNING - [Strategy Dept] Signal Rejected: Volatility Regime Filter (Low Volatility detected)
2026-07-31 18:46:40,030 - Strategy Dept - WARNING - [Strategy Dept] Signal Rejected: Volatility Regime Filter (Low Volatility detected)
2026-07-31 18:46:42,037 - Strategy Dept - WARNING - [Strategy Dept] Signal Rejected: Volatility Regime Filter (Low Volatility detected)
2026-07-31 18:46:44,043 - Strategy Dept - WARNING - [Strategy Dept] Signal Rejected: Volatility Regime Filter (Low Volatility detected)
2026-07-31 18:46:46,049 - Strategy Dept - WARNING - [Strategy Dept] Signal Rejected: Volatility Regime Filter (Low Volatility detected)
2026-07-31 18:46:48,057 - Strategy Dept - WARNING - [Strategy Dept] Signal Rejected: Volatility Regime Filter (Low Volatility detected)
2026-07-31 18:46:50,064 - Strategy Dept - WARNING - [Strategy Dept] Signal Rejected: Volatility Regime Filter (Low Volatility detected)
2026-07-31 18:46:52,070 - Strategy Dept - WARNING - [Strategy Dept] Signal Rejected: Volatility Regime Filter (Low Volatility detected)
2026-07-31 18:46:54,077 - Strategy Dept - WARNING - [Strategy Dept] Signal Rejected: Volatility Regime Filter (Low Volatility detected)
2026-07-31 18:46:56,084 - Strategy Dept - WARNING - [Strategy Dept] Signal Rejected: Volatility Regime Filter (Low Volatility detected)
2026-07-31 18:46:58,090 - Strategy Dept - WARNING - [Strategy Dept] Signal Rejected: Volatility Regime Filter (Low Volatility detected)
2026-07-31 18:47:00,097 - Strategy Dept - WARNING - [Strategy Dept] Signal Rejected: Volatility Regime Filter (Low Volatility detected)
2026-07-31 18:47:02,103 - Strategy Dept - WARNING - [Strategy Dept] Signal Rejected: Volatility Regime Filter (Low Volatility detected)
2026-07-31 18:47:04,108 - Strategy Dept - WARNING - [Strategy Dept] Signal Rejected: Volatility Regime Filter (Low Volatility detected)
2026-07-31 18:47:06,114 - Strategy Dept - WARNING - [Strategy Dept] Signal Rejected: Volatility Regime Filter (Low Volatility detected)
2026-07-31 18:47:08,121 - Strategy Dept - WARNING - [Strategy Dept] Signal Rejected: Volatility Regime Filter (Low Volatility detected)
2026-07-31 18:47:10,128 - Strategy Dept - WARNING - [Strategy Dept] Signal Rejected: Volatility Regime Filter (Low Volatility detected)
2026-07-31 18:47:12,135 - Strategy Dept - WARNING - [Strategy Dept] Signal Rejected: Volatility Regime Filter (Low Volatility detected)
2026-07-31 18:47:14,143 - Strategy Dept - WARNING - [Strategy Dept] Signal Rejected: Volatility Regime Filter (Low Volatility detected)
2026-07-31 18:47:16,149 - Strategy Dept - WARNING - [Strategy Dept] Signal Rejected: Volatility Regime Filter (Low Volatility detected)
2026-07-31 18:47:18,156 - Strategy Dept - WARNING - [Strategy Dept] Signal Rejected: Volatility Regime Filter (Low Volatility detected)
2026-07-31 18:47:20,162 - Strategy Dept - WARNING - [Strategy Dept] Signal Rejected: Volatility Regime Filter (Low Volatility detected)
2026-07-31 18:47:22,168 - Strategy Dept - WARNING - [Strategy Dept] Signal Rejected: Volatility Regime Filter (Low Volatility detected)
2026-07-31 18:47:24,175 - Strategy Dept - WARNING - [Strategy Dept] Signal Rejected: Volatility Regime Filter (Low Volatility detected)
2026-07-31 18:47:26,181 - Strategy Dept - WARNING - [Strategy Dept] Signal Rejected: Volatility Regime Filter (Low Volatility detected)
2026-07-31 18:47:28,187 - Strategy Dept - WARNING - [Strategy Dept] Signal Rejected: Volatility Regime Filter (Low Volatility detected)
2026-07-31 18:47:30,193 - Strategy Dept - WARNING - [Strategy Dept] Signal Rejected: Volatility Regime Filter (Low Volatility detected)
2026-07-31 18:47:32,200 - Strategy Dept - WARNING - [Strategy Dept] Signal Rejected: Volatility Regime Filter (Low Volatility detected)
2026-07-31 18:47:34,206 - Strategy Dept - WARNING - [Strategy Dept] Signal Rejected: Volatility Regime Filter (Low Volatility detected)
2026-07-31 18:47:36,213 - Strategy Dept - WARNING - [Strategy Dept] Signal Rejected: Volatility Regime Filter (Low Volatility detected)
2026-07-31 18:47:38,219 - Strategy Dept - WARNING - [Strategy Dept] Signal Rejected: Volatility Regime Filter (Low Volatility detected)
2026-07-31 18:47:40,225 - Strategy Dept - WARNING - [Strategy Dept] Signal Rejected: Volatility Regime Filter (Low Volatility detected)
2026-07-31 18:47:42,231 - Strategy Dept - WARNING - [Strategy Dept] Signal Rejected: Volatility Regime Filter (Low Volatility detected)
2026-07-31 18:47:44,238 - Strategy Dept - WARNING - [Strategy Dept] Signal Rejected: Volatility Regime Filter (Low Volatility detected)
2026-07-31 18:47:46,244 - Strategy Dept - WARNING - [Strategy Dept] Signal Rejected: Volatility Regime Filter (Low Volatility detected)
INFO:     127.0.0.1:49464 - "WebSocket /ws" [accepted]
INFO:     connection open
INFO:     127.0.0.1:49476 - "GET /metrics HTTP/1.1" 200 OK
INFO:     127.0.0.1:49482 - "GET /recommendations HTTP/1.1" 200 OK
INFO:     127.0.0.1:49490 - "GET /config/history HTTP/1.1" 200 OK
INFO:     127.0.0.1:49496 - "GET /trades HTTP/1.1" 200 OK
2026-07-31 18:47:48,252 - Strategy Dept - WARNING - [Strategy Dept] Signal Rejected: Volatility Regime Filter (Low Volatility detected)
2026-07-31 18:47:50,261 - Strategy Dept - WARNING - [Strategy Dept] Signal Rejected: Volatility Regime Filter (Low Volatility detected)
2026-07-31 18:47:52,268 - Strategy Dept - WARNING - [Strategy Dept] Signal Rejected: Volatility Regime Filter (Low Volatility detected)
2026-07-31 18:47:54,276 - Strategy Dept - WARNING - [Strategy Dept] Signal Rejected: Volatility Regime Filter (Low Volatility detected)
2026-07-31 18:47:56,282 - Strategy Dept - WARNING - [Strategy Dept] Signal Rejected: Volatility Regime Filter (Low Volatility detected)
2026-07-31 18:47:58,288 - Strategy Dept - WARNING - [Strategy Dept] Signal Rejected: Volatility Regime Filter (Low Volatility detected)
2026-07-31 18:48:00,295 - Strategy Dept - WARNING - [Strategy Dept] Signal Rejected: Volatility Regime Filter (Low Volatility detected)
2026-07-31 18:48:02,302 - Strategy Dept - WARNING - [Strategy Dept] Signal Rejected: Volatility Regime Filter (Low Volatility detected)
2026-07-31 18:48:04,308 - Strategy Dept - WARNING - [Strategy Dept] Signal Rejected: Volatility Regime Filter (Low Volatility detected)
2026-07-31 18:48:06,314 - Strategy Dept - WARNING - [Strategy Dept] Signal Rejected: Volatility Regime Filter (Low Volatility detected)
2026-07-31 18:48:08,321 - Strategy Dept - WARNING - [Strategy Dept] Signal Rejected: Volatility Regime Filter (Low Volatility detected)
2026-07-31 18:48:10,328 - Strategy Dept - WARNING - [Strategy Dept] Signal Rejected: Volatility Regime Filter (Low Volatility detected)
2026-07-31 18:48:12,338 - Strategy Dept - WARNING - [Strategy Dept] Signal Rejected: Volatility Regime Filter (Low Volatility detected)
2026-07-31 18:48:14,344 - Strategy Dept - WARNING - [Strategy Dept] Signal Rejected: Volatility Regime Filter (Low Volatility detected)
2026-07-31 18:48:16,352 - Strategy Dept - WARNING - [Strategy Dept] Signal Rejected: Volatility Regime Filter (Low Volatility detected)
2026-07-31 18:48:18,358 - Strategy Dept - WARNING - [Strategy Dept] Signal Rejected: Volatility Regime Filter (Low Volatility detected)
2026-07-31 18:48:20,365 - Strategy Dept - WARNING - [Strategy Dept] Signal Rejected: Volatility Regime Filter (Low Volatility detected)
2026-07-31 18:48:22,372 - Strategy Dept - WARNING - [Strategy Dept] Signal Rejected: Volatility Regime Filter (Low Volatility detected)
2026-07-31 18:48:24,378 - Strategy Dept - WARNING - [Strategy Dept] Signal Rejected: Volatility Regime Filter (Low Volatility detected)
2026-07-31 18:48:26,384 - Strategy Dept - WARNING - [Strategy Dept] Signal Rejected: Volatility Regime Filter (Low Volatility detected)
2026-07-31 18:48:28,390 - Strategy Dept - WARNING - [Strategy Dept] Signal Rejected: Volatility Regime Filter (Low Volatility detected)
2026-07-31 18:48:30,396 - Strategy Dept - WARNING - [Strategy Dept] Signal Rejected: Volatility Regime Filter (Low Volatility detected)
2026-07-31 18:48:32,402 - Strategy Dept - WARNING - [Strategy Dept] Signal Rejected: Volatility Regime Filter (Low Volatility detected)
2026-07-31 18:48:34,408 - Strategy Dept - WARNING - [Strategy Dept] Signal Rejected: Volatility Regime Filter (Low Volatility detected)
2026-07-31 18:48:36,414 - Strategy Dept - WARNING - [Strategy Dept] Signal Rejected: Volatility Regime Filter (Low Volatility detected)
2026-07-31 18:48:38,420 - Strategy Dept - WARNING - [Strategy Dept] Signal Rejected: Volatility Regime Filter (Low Volatility detected)
2026-07-31 18:48:40,426 - Strategy Dept - WARNING - [Strategy Dept] Signal Rejected: Volatility Regime Filter (Low Volatility detected)
2026-07-31 18:48:42,433 - Strategy Dept - WARNING - [Strategy Dept] Signal Rejected: Volatility Regime Filter (Low Volatility detected)
2026-07-31 18:48:44,439 - Strategy Dept - WARNING - [Strategy Dept] Signal Rejected: Volatility Regime Filter (Low Volatility detected)
2026-07-31 18:48:46,445 - Strategy Dept - WARNING - [Strategy Dept] Signal Rejected: Volatility Regime Filter (Low Volatility detected)
2026-07-31 18:48:48,451 - Strategy Dept - WARNING - [Strategy Dept] Signal Rejected: Volatility Regime Filter (Low Volatility detected)
2026-07-31 18:48:50,457 - Strategy Dept - WARNING - [Strategy Dept] Signal Rejected: Volatility Regime Filter (Low Volatility detected)
2026-07-31 18:48:52,463 - Strategy Dept - WARNING - [Strategy Dept] Signal Rejected: Volatility Regime Filter (Low Volatility detected)
2026-07-31 18:48:54,470 - Strategy Dept - WARNING - [Strategy Dept] Signal Rejected: Volatility Regime Filter (Low Volatility detected)
2026-07-31 18:48:56,477 - Strategy Dept - WARNING - [Strategy Dept] Signal Rejected: Volatility Regime Filter (Low Volatility detected)
2026-07-31 18:48:58,483 - Strategy Dept - WARNING - [Strategy Dept] Signal Rejected: Volatility Regime Filter (Low Volatility detected)
2026-07-31 18:49:00,489 - Strategy Dept - WARNING - [Strategy Dept] Signal Rejected: Volatility Regime Filter (Low Volatility detected)
2026-07-31 18:49:02,495 - Market Dept - WARNING - [Market Dept] Data Integrity violation detected. Tick rejected: {'symbol': 'XAUUSDT', 'price': 0.0, 'volume': 125.98267854657253, 'timestamp': 949.152605226}
2026-07-31 18:49:04,496 - Strategy Dept - WARNING - [Strategy Dept] Signal Rejected: Volatility Regime Filter (Low Volatility detected)
2026-07-31 18:49:06,503 - Strategy Dept - WARNING - [Strategy Dept] Signal Rejected: Volatility Regime Filter (Low Volatility detected)
2026-07-31 18:49:08,510 - Strategy Dept - WARNING - [Strategy Dept] Signal Rejected: Volatility Regime Filter (Low Volatility detected)
2026-07-31 18:49:10,516 - Strategy Dept - WARNING - [Strategy Dept] Signal Rejected: Volatility Regime Filter (Low Volatility detected)
2026-07-31 18:49:12,522 - Strategy Dept - WARNING - [Strategy Dept] Signal Rejected: Volatility Regime Filter (Low Volatility detected)
2026-07-31 18:49:14,528 - Strategy Dept - WARNING - [Strategy Dept] Signal Rejected: Volatility Regime Filter (Low Volatility detected)
2026-07-31 18:49:16,535 - Strategy Dept - WARNING - [Strategy Dept] Signal Rejected: Volatility Regime Filter (Low Volatility detected)
2026-07-31 18:49:18,540 - Strategy Dept - WARNING - [Strategy Dept] Signal Rejected: Volatility Regime Filter (Low Volatility detected)
2026-07-31 18:49:20,547 - Strategy Dept - WARNING - [Strategy Dept] Signal Rejected: Volatility Regime Filter (Low Volatility detected)
2026-07-31 18:49:22,553 - Strategy Dept - WARNING - [Strategy Dept] Signal Rejected: Volatility Regime Filter (Low Volatility detected)
2026-07-31 18:49:24,560 - Strategy Dept - WARNING - [Strategy Dept] Signal Rejected: Volatility Regime Filter (Low Volatility detected)
2026-07-31 18:49:26,566 - Strategy Dept - WARNING - [Strategy Dept] Signal Rejected: Volatility Regime Filter (Low Volatility detected)
2026-07-31 18:49:28,572 - Strategy Dept - WARNING - [Strategy Dept] Signal Rejected: Volatility Regime Filter (Low Volatility detected)
2026-07-31 18:49:30,578 - Strategy Dept - WARNING - [Strategy Dept] Signal Rejected: Volatility Regime Filter (Low Volatility detected)
2026-07-31 18:49:32,585 - Strategy Dept - WARNING - [Strategy Dept] Signal Rejected: Volatility Regime Filter (Low Volatility detected)
2026-07-31 18:49:34,590 - Strategy Dept - WARNING - [Strategy Dept] Signal Rejected: Volatility Regime Filter (Low Volatility detected)
2026-07-31 18:49:36,597 - Strategy Dept - WARNING - [Strategy Dept] Signal Rejected: Volatility Regime Filter (Low Volatility detected)
2026-07-31 18:49:38,604 - Strategy Dept - WARNING - [Strategy Dept] Signal Rejected: Volatility Regime Filter (Low Volatility detected)
2026-07-31 18:49:40,610 - Strategy Dept - WARNING - [Strategy Dept] Signal Rejected: Volatility Regime Filter (Low Volatility detected)
2026-07-31 18:49:42,617 - Strategy Dept - WARNING - [Strategy Dept] Signal Rejected: Volatility Regime Filter (Low Volatility detected)
2026-07-31 18:49:44,624 - Strategy Dept - WARNING - [Strategy Dept] Signal Rejected: Volatility Regime Filter (Low Volatility detected)
2026-07-31 18:49:46,631 - Strategy Dept - WARNING - [Strategy Dept] Signal Rejected: Volatility Regime Filter (Low Volatility detected)
2026-07-31 18:49:48,637 - Strategy Dept - WARNING - [Strategy Dept] Signal Rejected: Volatility Regime Filter (Low Volatility detected)
2026-07-31 18:49:50,643 - Strategy Dept - WARNING - [Strategy Dept] Signal Rejected: Volatility Regime Filter (Low Volatility detected)
2026-07-31 18:49:52,650 - Strategy Dept - WARNING - [Strategy Dept] Signal Rejected: Volatility Regime Filter (Low Volatility detected)
2026-07-31 18:49:54,656 - Strategy Dept - WARNING - [Strategy Dept] Signal Rejected: Volatility Regime Filter (Low Volatility detected)
2026-07-31 18:49:56,662 - Strategy Dept - WARNING - [Strategy Dept] Signal Rejected: Volatility Regime Filter (Low Volatility detected)
2026-07-31 18:49:58,667 - Strategy Dept - WARNING - [Strategy Dept] Signal Rejected: Volatility Regime Filter (Low Volatility detected)
2026-07-31 18:50:00,673 - Strategy Dept - WARNING - [Strategy Dept] Signal Rejected: Volatility Regime Filter (Low Volatility detected)
2026-07-31 18:50:02,678 - Strategy Dept - WARNING - [Strategy Dept] Signal Rejected: Volatility Regime Filter (Low Volatility detected)
2026-07-31 18:50:04,685 - Strategy Dept - WARNING - [Strategy Dept] Signal Rejected: Volatility Regime Filter (Low Volatility detected)
2026-07-31 18:50:06,691 - Strategy Dept - WARNING - [Strategy Dept] Signal Rejected: Volatility Regime Filter (Low Volatility detected)
2026-07-31 18:50:08,696 - Strategy Dept - WARNING - [Strategy Dept] Signal Rejected: Volatility Regime Filter (Low Volatility detected)
2026-07-31 18:50:10,702 - Strategy Dept - WARNING - [Strategy Dept] Signal Rejected: Volatility Regime Filter (Low Volatility detected)
2026-07-31 18:50:12,709 - Strategy Dept - WARNING - [Strategy Dept] Signal Rejected: Volatility Regime Filter (Low Volatility detected)
2026-07-31 18:50:14,716 - Strategy Dept - WARNING - [Strategy Dept] Signal Rejected: Volatility Regime Filter (Low Volatility detected)
2026-07-31 18:50:16,725 - Strategy Dept - WARNING - [Strategy Dept] Signal Rejected: Volatility Regime Filter (Low Volatility detected)
2026-07-31 18:50:18,735 - Strategy Dept - WARNING - [Strategy Dept] Signal Rejected: Volatility Regime Filter (Low Volatility detected)
2026-07-31 18:50:20,741 - Strategy Dept - WARNING - [Strategy Dept] Signal Rejected: Volatility Regime Filter (Low Volatility detected)
2026-07-31 18:50:22,747 - Strategy Dept - WARNING - [Strategy Dept] Signal Rejected: Volatility Regime Filter (Low Volatility detected)
2026-07-31 18:50:24,753 - Strategy Dept - WARNING - [Strategy Dept] Signal Rejected: Volatility Regime Filter (Low Volatility detected)
2026-07-31 18:50:26,759 - Strategy Dept - WARNING - [Strategy Dept] Signal Rejected: Volatility Regime Filter (Low Volatility detected)
2026-07-31 18:50:28,765 - Strategy Dept - WARNING - [Strategy Dept] Signal Rejected: Volatility Regime Filter (Low Volatility detected)
2026-07-31 18:50:30,771 - Strategy Dept - WARNING - [Strategy Dept] Signal Rejected: Volatility Regime Filter (Low Volatility detected)
2026-07-31 18:50:32,779 - Strategy Dept - WARNING - [Strategy Dept] Signal Rejected: Volatility Regime Filter (Low Volatility detected)
2026-07-31 18:50:34,785 - Strategy Dept - WARNING - [Strategy Dept] Signal Rejected: Volatility Regime Filter (Low Volatility detected)
2026-07-31 18:50:36,790 - Strategy Dept - WARNING - [Strategy Dept] Signal Rejected: Volatility Regime Filter (Low Volatility detected)
2026-07-31 18:50:38,797 - Strategy Dept - WARNING - [Strategy Dept] Signal Rejected: Volatility Regime Filter (Low Volatility detected)
2026-07-31 18:50:40,803 - Strategy Dept - WARNING - [Strategy Dept] Signal Rejected: Volatility Regime Filter (Low Volatility detected)
2026-07-31 18:50:42,808 - Strategy Dept - WARNING - [Strategy Dept] Signal Rejected: Volatility Regime Filter (Low Volatility detected)
2026-07-31 18:50:44,814 - Strategy Dept - WARNING - [Strategy Dept] Signal Rejected: Volatility Regime Filter (Low Volatility detected)
2026-07-31 18:50:46,820 - Strategy Dept - WARNING - [Strategy Dept] Signal Rejected: Volatility Regime Filter (Low Volatility detected)
2026-07-31 18:50:48,825 - Strategy Dept - WARNING - [Strategy Dept] Signal Rejected: Volatility Regime Filter (Low Volatility detected)
2026-07-31 18:50:50,832 - Strategy Dept - WARNING - [Strategy Dept] Signal Rejected: Volatility Regime Filter (Low Volatility detected)
2026-07-31 18:50:52,839 - Strategy Dept - WARNING - [Strategy Dept] Signal Rejected: Volatility Regime Filter (Low Volatility detected)
2026-07-31 18:50:54,845 - Strategy Dept - WARNING - [Strategy Dept] Signal Rejected: Volatility Regime Filter (Low Volatility detected)
2026-07-31 18:50:56,850 - Strategy Dept - WARNING - [Strategy Dept] Signal Rejected: Volatility Regime Filter (Low Volatility detected)
2026-07-31 18:50:58,856 - Strategy Dept - WARNING - [Strategy Dept] Signal Rejected: Volatility Regime Filter (Low Volatility detected)
2026-07-31 18:51:00,862 - Strategy Dept - WARNING - [Strategy Dept] Signal Rejected: Volatility Regime Filter (Low Volatility detected)
2026-07-31 18:51:02,867 - Strategy Dept - WARNING - [Strategy Dept] Signal Rejected: Volatility Regime Filter (Low Volatility detected)
2026-07-31 18:51:04,874 - Strategy Dept - WARNING - [Strategy Dept] Signal Rejected: Volatility Regime Filter (Low Volatility detected)
2026-07-31 18:51:06,881 - Strategy Dept - WARNING - [Strategy Dept] Signal Rejected: Volatility Regime Filter (Low Volatility detected)
2026-07-31 18:51:08,887 - Strategy Dept - WARNING - [Strategy Dept] Signal Rejected: Volatility Regime Filter (Low Volatility detected)
2026-07-31 18:51:10,893 - Strategy Dept - WARNING - [Strategy Dept] Signal Rejected: Volatility Regime Filter (Low Volatility detected)
2026-07-31 18:51:12,899 - Strategy Dept - WARNING - [Strategy Dept] Signal Rejected: Volatility Regime Filter (Low Volatility detected)
2026-07-31 18:51:14,905 - Strategy Dept - WARNING - [Strategy Dept] Signal Rejected: Volatility Regime Filter (Low Volatility detected)
2026-07-31 18:51:15,091 - News Dept - WARNING - [News Dept] HIGH IMPACT NEWS DETECTED (CPI/FOMC). Initiating News Blackout active window (T-30 to T+30).
2026-07-31 18:51:16,912 - Strategy Dept - WARNING - [Strategy Dept] Signal Rejected: Volatility Regime Filter (Low Volatility detected)
2026-07-31 18:51:18,919 - Strategy Dept - WARNING - [Strategy Dept] Signal Rejected: Volatility Regime Filter (Low Volatility detected)
2026-07-31 18:51:20,926 - Strategy Dept - WARNING - [Strategy Dept] Signal Rejected: Volatility Regime Filter (Low Volatility detected)
2026-07-31 18:51:22,932 - Strategy Dept - WARNING - [Strategy Dept] Signal Rejected: Volatility Regime Filter (Low Volatility detected)
2026-07-31 18:51:24,938 - Strategy Dept - WARNING - [Strategy Dept] Signal Rejected: Volatility Regime Filter (Low Volatility detected)
2026-07-31 18:51:26,944 - Strategy Dept - WARNING - [Strategy Dept] Signal Rejected: Volatility Regime Filter (Low Volatility detected)
2026-07-31 18:51:28,951 - Strategy Dept - WARNING - [Strategy Dept] Signal Rejected: Volatility Regime Filter (Low Volatility detected)
2026-07-31 18:51:30,957 - Strategy Dept - WARNING - [Strategy Dept] Signal Rejected: Volatility Regime Filter (Low Volatility detected)
2026-07-31 18:51:32,963 - Strategy Dept - WARNING - [Strategy Dept] Signal Rejected: Volatility Regime Filter (Low Volatility detected)
2026-07-31 18:51:34,969 - Strategy Dept - WARNING - [Strategy Dept] Signal Rejected: Volatility Regime Filter (Low Volatility detected)
2026-07-31 18:51:36,976 - Strategy Dept - WARNING - [Strategy Dept] Signal Rejected: Volatility Regime Filter (Low Volatility detected)
2026-07-31 18:51:38,982 - Strategy Dept - WARNING - [Strategy Dept] Signal Rejected: Volatility Regime Filter (Low Volatility detected)
2026-07-31 18:51:40,989 - Strategy Dept - WARNING - [Strategy Dept] Signal Rejected: Volatility Regime Filter (Low Volatility detected)
2026-07-31 18:51:42,996 - Strategy Dept - WARNING - [Strategy Dept] Signal Rejected: Volatility Regime Filter (Low Volatility detected)
2026-07-31 18:51:45,002 - Strategy Dept - WARNING - [Strategy Dept] Signal Rejected: Volatility Regime Filter (Low Volatility detected)
2026-07-31 18:51:45,096 - News Dept - INFO - [News Dept] News Blackout active window ended. Resume normal risk tolerance.
2026-07-31 18:51:47,009 - Strategy Dept - WARNING - [Strategy Dept] Signal Rejected: Volatility Regime Filter (Low Volatility detected)
2026-07-31 18:51:49,015 - Strategy Dept - WARNING - [Strategy Dept] Signal Rejected: Volatility Regime Filter (Low Volatility detected)
2026-07-31 18:51:51,022 - Strategy Dept - WARNING - [Strategy Dept] Signal Rejected: Volatility Regime Filter (Low Volatility detected)
2026-07-31 18:51:53,029 - Strategy Dept - WARNING - [Strategy Dept] Signal Rejected: Volatility Regime Filter (Low Volatility detected)
2026-07-31 18:51:55,036 - Strategy Dept - WARNING - [Strategy Dept] Signal Rejected: Volatility Regime Filter (Low Volatility detected)
2026-07-31 18:51:57,042 - Strategy Dept - WARNING - [Strategy Dept] Signal Rejected: Volatility Regime Filter (Low Volatility detected)
2026-07-31 18:51:59,049 - Strategy Dept - WARNING - [Strategy Dept] Signal Rejected: Volatility Regime Filter (Low Volatility detected)
2026-07-31 18:52:01,056 - Strategy Dept - WARNING - [Strategy Dept] Signal Rejected: Volatility Regime Filter (Low Volatility detected)
2026-07-31 18:52:03,061 - Strategy Dept - WARNING - [Strategy Dept] Signal Rejected: Volatility Regime Filter (Low Volatility detected)
2026-07-31 18:52:05,068 - Strategy Dept - WARNING - [Strategy Dept] Signal Rejected: Volatility Regime Filter (Low Volatility detected)
2026-07-31 18:52:07,075 - Strategy Dept - WARNING - [Strategy Dept] Signal Rejected: Volatility Regime Filter (Low Volatility detected)
2026-07-31 18:52:09,081 - Strategy Dept - WARNING - [Strategy Dept] Signal Rejected: Volatility Regime Filter (Low Volatility detected)
2026-07-31 18:52:11,088 - Strategy Dept - WARNING - [Strategy Dept] Signal Rejected: Volatility Regime Filter (Low Volatility detected)
2026-07-31 18:52:13,094 - Strategy Dept - WARNING - [Strategy Dept] Signal Rejected: Volatility Regime Filter (Low Volatility detected)
2026-07-31 18:52:15,102 - Strategy Dept - WARNING - [Strategy Dept] Signal Rejected: Volatility Regime Filter (Low Volatility detected)
2026-07-31 18:52:17,108 - Strategy Dept - WARNING - [Strategy Dept] Signal Rejected: Volatility Regime Filter (Low Volatility detected)
2026-07-31 18:52:19,114 - Strategy Dept - WARNING - [Strategy Dept] Signal Rejected: Volatility Regime Filter (Low Volatility detected)
2026-07-31 18:52:21,120 - Strategy Dept - WARNING - [Strategy Dept] Signal Rejected: Volatility Regime Filter (Low Volatility detected)
2026-07-31 18:52:23,127 - Strategy Dept - WARNING - [Strategy Dept] Signal Rejected: Volatility Regime Filter (Low Volatility detected)
2026-07-31 18:52:25,137 - Strategy Dept - WARNING - [Strategy Dept] Signal Rejected: Volatility Regime Filter (Low Volatility detected)
2026-07-31 18:52:27,146 - Strategy Dept - WARNING - [Strategy Dept] Signal Rejected: Volatility Regime Filter (Low Volatility detected)
2026-07-31 18:52:29,152 - Strategy Dept - WARNING - [Strategy Dept] Signal Rejected: Volatility Regime Filter (Low Volatility detected)
2026-07-31 18:52:31,158 - Strategy Dept - WARNING - [Strategy Dept] Signal Rejected: Volatility Regime Filter (Low Volatility detected)
2026-07-31 18:52:33,163 - Strategy Dept - WARNING - [Strategy Dept] Signal Rejected: Volatility Regime Filter (Low Volatility detected)
2026-07-31 18:52:35,170 - Strategy Dept - WARNING - [Strategy Dept] Signal Rejected: Volatility Regime Filter (Low Volatility detected)
2026-07-31 18:52:37,176 - Strategy Dept - WARNING - [Strategy Dept] Signal Rejected: Volatility Regime Filter (Low Volatility detected)
2026-07-31 18:52:39,184 - Strategy Dept - WARNING - [Strategy Dept] Signal Rejected: Volatility Regime Filter (Low Volatility detected)
2026-07-31 18:52:41,190 - Strategy Dept - WARNING - [Strategy Dept] Signal Rejected: Volatility Regime Filter (Low Volatility detected)
2026-07-31 18:52:43,196 - Strategy Dept - WARNING - [Strategy Dept] Signal Rejected: Volatility Regime Filter (Low Volatility detected)
2026-07-31 18:52:45,204 - Strategy Dept - WARNING - [Strategy Dept] Signal Rejected: Volatility Regime Filter (Low Volatility detected)
2026-07-31 18:52:47,209 - Strategy Dept - WARNING - [Strategy Dept] Signal Rejected: Volatility Regime Filter (Low Volatility detected)
2026-07-31 18:52:49,215 - Strategy Dept - WARNING - [Strategy Dept] Signal Rejected: Volatility Regime Filter (Low Volatility detected)
2026-07-31 18:52:51,222 - Strategy Dept - WARNING - [Strategy Dept] Signal Rejected: Volatility Regime Filter (Low Volatility detected)
2026-07-31 18:52:53,228 - Strategy Dept - WARNING - [Strategy Dept] Signal Rejected: Volatility Regime Filter (Low Volatility detected)
2026-07-31 18:52:55,234 - Strategy Dept - WARNING - [Strategy Dept] Signal Rejected: Volatility Regime Filter (Low Volatility detected)
2026-07-31 18:52:57,241 - Strategy Dept - WARNING - [Strategy Dept] Signal Rejected: Volatility Regime Filter (Low Volatility detected)
2026-07-31 18:52:59,247 - Strategy Dept - WARNING - [Strategy Dept] Signal Rejected: Volatility Regime Filter (Low Volatility detected)
2026-07-31 18:53:01,253 - Strategy Dept - WARNING - [Strategy Dept] Signal Rejected: Volatility Regime Filter (Low Volatility detected)
2026-07-31 18:53:03,259 - Strategy Dept - WARNING - [Strategy Dept] Signal Rejected: Volatility Regime Filter (Low Volatility detected)
2026-07-31 18:53:05,264 - Strategy Dept - WARNING - [Strategy Dept] Signal Rejected: Volatility Regime Filter (Low Volatility detected)
2026-07-31 18:53:07,271 - Strategy Dept - WARNING - [Strategy Dept] Signal Rejected: Volatility Regime Filter (Low Volatility detected)
2026-07-31 18:53:09,277 - Strategy Dept - WARNING - [Strategy Dept] Signal Rejected: Volatility Regime Filter (Low Volatility detected)
2026-07-31 18:53:11,283 - Strategy Dept - WARNING - [Strategy Dept] Signal Rejected: Volatility Regime Filter (Low Volatility detected)
2026-07-31 18:53:13,290 - Strategy Dept - WARNING - [Strategy Dept] Signal Rejected: Volatility Regime Filter (Low Volatility detected)
2026-07-31 18:53:15,296 - Strategy Dept - WARNING - [Strategy Dept] Signal Rejected: Volatility Regime Filter (Low Volatility detected)
2026-07-31 18:53:17,302 - Strategy Dept - WARNING - [Strategy Dept] Signal Rejected: Volatility Regime Filter (Low Volatility detected)
2026-07-31 18:53:19,308 - Strategy Dept - WARNING - [Strategy Dept] Signal Rejected: Volatility Regime Filter (Low Volatility detected)
2026-07-31 18:53:21,314 - Market Dept - WARNING - [Market Dept] Data Integrity violation detected. Tick rejected: {'symbol': 'XAUUSDT', 'price': 0.0, 'volume': 124.88032790148922, 'timestamp': 1207.971352633}
2026-07-31 18:53:23,316 - Strategy Dept - WARNING - [Strategy Dept] Signal Rejected: Volatility Regime Filter (Low Volatility detected)
2026-07-31 18:53:25,322 - Strategy Dept - WARNING - [Strategy Dept] Signal Rejected: Volatility Regime Filter (Low Volatility detected)
2026-07-31 18:53:27,333 - Strategy Dept - WARNING - [Strategy Dept] Signal Rejected: Volatility Regime Filter (Low Volatility detected)
2026-07-31 18:53:29,340 - Strategy Dept - WARNING - [Strategy Dept] Signal Rejected: Volatility Regime Filter (Low Volatility detected)
2026-07-31 18:53:31,346 - Strategy Dept - WARNING - [Strategy Dept] Signal Rejected: Volatility Regime Filter (Low Volatility detected)
2026-07-31 18:53:33,353 - Strategy Dept - WARNING - [Strategy Dept] Signal Rejected: Volatility Regime Filter (Low Volatility detected)
2026-07-31 18:53:35,360 - Strategy Dept - WARNING - [Strategy Dept] Signal Rejected: Volatility Regime Filter (Low Volatility detected)
2026-07-31 18:53:37,365 - Strategy Dept - WARNING - [Strategy Dept] Signal Rejected: Volatility Regime Filter (Low Volatility detected)
2026-07-31 18:53:39,372 - Strategy Dept - WARNING - [Strategy Dept] Signal Rejected: Volatility Regime Filter (Low Volatility detected)
2026-07-31 18:53:41,378 - Strategy Dept - WARNING - [Strategy Dept] Signal Rejected: Volatility Regime Filter (Low Volatility detected)
2026-07-31 18:53:43,385 - Strategy Dept - WARNING - [Strategy Dept] Signal Rejected: Volatility Regime Filter (Low Volatility detected)
2026-07-31 18:53:45,392 - Strategy Dept - WARNING - [Strategy Dept] Signal Rejected: Volatility Regime Filter (Low Volatility detected)
2026-07-31 18:53:47,398 - Strategy Dept - WARNING - [Strategy Dept] Signal Rejected: Volatility Regime Filter (Low Volatility detected)
2026-07-31 18:53:49,406 - Strategy Dept - WARNING - [Strategy Dept] Signal Rejected: Volatility Regime Filter (Low Volatility detected)
2026-07-31 18:53:51,412 - Strategy Dept - WARNING - [Strategy Dept] Signal Rejected: Volatility Regime Filter (Low Volatility detected)
2026-08-01 06:54:50,094 - Strategy Dept - WARNING - [Strategy Dept] Signal Rejected: Volatility Regime Filter (Low Volatility detected)
2026-08-01 06:54:52,314 - Strategy Dept - WARNING - [Strategy Dept] Signal Rejected: Volatility Regime Filter (Low Volatility detected)
2026-08-01 06:54:54,365 - Strategy Dept - WARNING - [Strategy Dept] Signal Rejected: Volatility Regime Filter (Low Volatility detected)
2026-08-01 06:54:56,374 - Strategy Dept - WARNING - [Strategy Dept] Signal Rejected: Volatility Regime Filter (Low Volatility detected)
2026-08-01 06:54:58,381 - Strategy Dept - WARNING - [Strategy Dept] Signal Rejected: Session Filter (ASIA disabled)
2026-08-01 06:55:00,388 - Strategy Dept - WARNING - [Strategy Dept] Signal Rejected: Session Filter (ASIA disabled)
2026-08-01 06:55:02,393 - Strategy Dept - WARNING - [Strategy Dept] Signal Rejected: Session Filter (ASIA disabled)
2026-08-01 06:55:04,401 - Strategy Dept - WARNING - [Strategy Dept] Signal Rejected: Session Filter (ASIA disabled)
2026-08-01 06:55:06,407 - Strategy Dept - WARNING - [Strategy Dept] Signal Rejected: Session Filter (ASIA disabled)
2026-08-01 06:55:08,415 - Market Dept - WARNING - [Market Dept] Data Integrity violation detected. Tick rejected: {'symbol': 'XAUUSDT', 'price': 2989.5962351443277, 'volume': 100.12640750312273, 'timestamp': 1258.43279707}
2026-08-01 06:55:10,418 - Strategy Dept - WARNING - [Strategy Dept] Signal Rejected: Session Filter (ASIA disabled)
2026-08-01 06:55:12,425 - Strategy Dept - WARNING - [Strategy Dept] Signal Rejected: Session Filter (ASIA disabled)
2026-08-01 06:55:14,433 - Strategy Dept - WARNING - [Strategy Dept] Signal Rejected: Session Filter (ASIA disabled)
2026-08-01 06:55:16,438 - Strategy Dept - WARNING - [Strategy Dept] Signal Rejected: Session Filter (ASIA disabled)
2026-08-01 06:55:18,445 - Strategy Dept - WARNING - [Strategy Dept] Signal Rejected: Session Filter (ASIA disabled)
2026-08-01 06:55:20,452 - Strategy Dept - WARNING - [Strategy Dept] Signal Rejected: Session Filter (ASIA disabled)
2026-08-01 06:55:22,460 - Strategy Dept - WARNING - [Strategy Dept] Signal Rejected: Session Filter (ASIA disabled)
2026-08-01 06:55:24,470 - Strategy Dept - WARNING - [Strategy Dept] Signal Rejected: Session Filter (ASIA disabled)
2026-08-01 06:55:26,477 - Strategy Dept - WARNING - [Strategy Dept] Signal Rejected: Session Filter (ASIA disabled)
2026-08-01 06:55:28,484 - Strategy Dept - WARNING - [Strategy Dept] Signal Rejected: Session Filter (ASIA disabled)
2026-08-01 06:55:30,491 - Strategy Dept - WARNING - [Strategy Dept] Signal Rejected: Session Filter (ASIA disabled)
2026-08-01 06:55:32,497 - Strategy Dept - WARNING - [Strategy Dept] Signal Rejected: Session Filter (ASIA disabled)
2026-08-01 06:55:34,504 - Strategy Dept - WARNING - [Strategy Dept] Signal Rejected: Session Filter (ASIA disabled)
2026-08-01 06:55:36,511 - Strategy Dept - WARNING - [Strategy Dept] Signal Rejected: Session Filter (ASIA disabled)
2026-08-01 06:55:38,517 - Strategy Dept - WARNING - [Strategy Dept] Signal Rejected: Session Filter (ASIA disabled)
2026-08-01 06:55:40,524 - Strategy Dept - WARNING - [Strategy Dept] Signal Rejected: Session Filter (ASIA disabled)
2026-08-01 06:55:42,533 - Strategy Dept - WARNING - [Strategy Dept] Signal Rejected: Session Filter (ASIA disabled)
2026-08-01 06:55:44,541 - Strategy Dept - WARNING - [Strategy Dept] Signal Rejected: Session Filter (ASIA disabled)
2026-08-01 06:55:46,548 - Strategy Dept - WARNING - [Strategy Dept] Signal Rejected: Session Filter (ASIA disabled)
2026-08-01 06:55:48,812 - Strategy Dept - WARNING - [Strategy Dept] Signal Rejected: Session Filter (ASIA disabled)
2026-08-01 06:55:50,848 - Strategy Dept - WARNING - [Strategy Dept] Signal Rejected: Session Filter (ASIA disabled)
2026-08-01 06:55:52,858 - Strategy Dept - WARNING - [Strategy Dept] Signal Rejected: Session Filter (ASIA disabled)
2026-08-01 06:55:54,864 - Strategy Dept - WARNING - [Strategy Dept] Signal Rejected: Session Filter (ASIA disabled)
2026-08-01 06:55:56,871 - Strategy Dept - WARNING - [Strategy Dept] Signal Rejected: Session Filter (ASIA disabled)
2026-08-01 06:55:58,878 - Strategy Dept - WARNING - [Strategy Dept] Signal Rejected: Session Filter (ASIA disabled)
2026-08-01 06:56:00,886 - Strategy Dept - WARNING - [Strategy Dept] Signal Rejected: Session Filter (ASIA disabled)
2026-08-01 06:56:02,893 - Strategy Dept - WARNING - [Strategy Dept] Signal Rejected: Session Filter (ASIA disabled)
2026-08-01 06:56:04,899 - Strategy Dept - WARNING - [Strategy Dept] Signal Rejected: Session Filter (ASIA disabled)
2026-08-01 06:56:06,905 - Strategy Dept - WARNING - [Strategy Dept] Signal Rejected: Session Filter (ASIA disabled)
2026-08-01 06:56:08,911 - Strategy Dept - WARNING - [Strategy Dept] Signal Rejected: Session Filter (ASIA disabled)
2026-08-01 06:56:10,917 - Strategy Dept - WARNING - [Strategy Dept] Signal Rejected: Session Filter (ASIA disabled)
2026-08-01 06:56:11,758 - News Dept - WARNING - [News Dept] HIGH IMPACT NEWS DETECTED (CPI/FOMC). Initiating News Blackout active window (T-30 to T+30).
2026-08-01 06:56:12,923 - Strategy Dept - WARNING - [Strategy Dept] Signal Rejected: Session Filter (ASIA disabled)
2026-08-01 06:56:14,930 - Strategy Dept - WARNING - [Strategy Dept] Signal Rejected: Session Filter (ASIA disabled)
2026-08-01 06:56:16,936 - Strategy Dept - WARNING - [Strategy Dept] Signal Rejected: Session Filter (ASIA disabled)
2026-08-01 06:56:18,944 - Strategy Dept - WARNING - [Strategy Dept] Signal Rejected: Session Filter (ASIA disabled)
2026-08-01 06:56:20,950 - Strategy Dept - WARNING - [Strategy Dept] Signal Rejected: Session Filter (ASIA disabled)
2026-08-01 06:56:22,957 - Strategy Dept - WARNING - [Strategy Dept] Signal Rejected: Session Filter (ASIA disabled)
2026-08-01 06:56:24,964 - Strategy Dept - WARNING - [Strategy Dept] Signal Rejected: Session Filter (ASIA disabled)
2026-08-01 06:56:26,972 - Market Dept - WARNING - [Market Dept] Data Integrity violation detected. Tick rejected: {'symbol': 'XAUUSDT', 'price': 2990.570012700078, 'volume': 49.96809466134413, 'timestamp': 1336.990586855}
2026-08-01 06:56:28,974 - Strategy Dept - WARNING - [Strategy Dept] Signal Rejected: Session Filter (ASIA disabled)
2026-08-01 06:56:30,980 - Strategy Dept - WARNING - [Strategy Dept] Signal Rejected: Session Filter (ASIA disabled)
2026-08-01 06:56:32,985 - Strategy Dept - WARNING - [Strategy Dept] Signal Rejected: Session Filter (ASIA disabled)
2026-08-01 06:56:34,992 - Strategy Dept - WARNING - [Strategy Dept] Signal Rejected: Session Filter (ASIA disabled)
2026-08-01 06:56:36,999 - Strategy Dept - WARNING - [Strategy Dept] Signal Rejected: Session Filter (ASIA disabled)
2026-08-01 06:56:39,005 - Strategy Dept - WARNING - [Strategy Dept] Signal Rejected: Session Filter (ASIA disabled)
2026-08-01 06:56:41,011 - Strategy Dept - WARNING - [Strategy Dept] Signal Rejected: Session Filter (ASIA disabled)
2026-08-01 06:56:41,765 - News Dept - INFO - [News Dept] News Blackout active window ended. Resume normal risk tolerance.
2026-08-01 06:56:43,017 - Strategy Dept - WARNING - [Strategy Dept] Signal Rejected: Session Filter (ASIA disabled)
2026-08-01 06:56:45,023 - Strategy Dept - WARNING - [Strategy Dept] Signal Rejected: Session Filter (ASIA disabled)
2026-08-01 06:56:47,029 - Strategy Dept - WARNING - [Strategy Dept] Signal Rejected: Session Filter (ASIA disabled)
2026-08-01 06:56:49,035 - Strategy Dept - WARNING - [Strategy Dept] Signal Rejected: Session Filter (ASIA disabled)
2026-08-01 06:56:51,041 - Strategy Dept - WARNING - [Strategy Dept] Signal Rejected: Session Filter (ASIA disabled)
2026-08-01 06:56:53,047 - Strategy Dept - WARNING - [Strategy Dept] Signal Rejected: Session Filter (ASIA disabled)
2026-08-01 06:56:55,053 - Strategy Dept - WARNING - [Strategy Dept] Signal Rejected: Session Filter (ASIA disabled)
2026-08-01 06:56:57,059 - Strategy Dept - WARNING - [Strategy Dept] Signal Rejected: Session Filter (ASIA disabled)
2026-08-01 06:56:59,065 - Strategy Dept - WARNING - [Strategy Dept] Signal Rejected: Session Filter (ASIA disabled)
2026-08-01 06:57:01,071 - Strategy Dept - WARNING - [Strategy Dept] Signal Rejected: Session Filter (ASIA disabled)
2026-08-01 06:57:03,078 - Strategy Dept - WARNING - [Strategy Dept] Signal Rejected: Session Filter (ASIA disabled)
2026-08-01 06:57:05,084 - Market Dept - WARNING - [Market Dept] Data Integrity violation detected. Tick rejected: {'symbol': 'XAUUSDT', 'price': 2991.443484040777, 'volume': 92.77430648840941, 'timestamp': 1375.102773036}
2026-08-01 06:57:07,086 - Strategy Dept - WARNING - [Strategy Dept] Signal Rejected: Session Filter (ASIA disabled)
2026-08-01 06:57:09,092 - Strategy Dept - WARNING - [Strategy Dept] Signal Rejected: Session Filter (ASIA disabled)
2026-08-01 06:57:11,098 - Strategy Dept - WARNING - [Strategy Dept] Signal Rejected: Session Filter (ASIA disabled)
2026-08-01 06:57:13,104 - Market Dept - WARNING - [Market Dept] Data Integrity violation detected. Tick rejected: {'symbol': 'XAUUSDT', 'price': 0.0, 'volume': 47.76555224990142, 'timestamp': 1383.122363396}
2026-08-01 06:57:15,105 - Strategy Dept - WARNING - [Strategy Dept] Signal Rejected: Session Filter (ASIA disabled)
2026-08-01 06:57:17,111 - Strategy Dept - WARNING - [Strategy Dept] Signal Rejected: Session Filter (ASIA disabled)
2026-08-01 06:57:19,117 - Strategy Dept - WARNING - [Strategy Dept] Signal Rejected: Session Filter (ASIA disabled)
2026-08-01 06:57:21,123 - Strategy Dept - WARNING - [Strategy Dept] Signal Rejected: Session Filter (ASIA disabled)
2026-08-01 06:57:23,131 - Strategy Dept - WARNING - [Strategy Dept] Signal Rejected: Session Filter (ASIA disabled)
2026-08-01 06:57:25,137 - Strategy Dept - WARNING - [Strategy Dept] Signal Rejected: Session Filter (ASIA disabled)
2026-08-01 06:57:27,143 - Strategy Dept - WARNING - [Strategy Dept] Signal Rejected: Session Filter (ASIA disabled)
2026-08-01 06:57:29,149 - Strategy Dept - WARNING - [Strategy Dept] Signal Rejected: Session Filter (ASIA disabled)
2026-08-01 06:57:31,155 - Market Dept - WARNING - [Market Dept] Data Integrity violation detected. Tick rejected: {'symbol': 'XAUUSDT', 'price': 2990.216008171572, 'volume': 36.04477594079, 'timestamp': 1401.172895547}
2026-08-01 06:57:33,156 - Strategy Dept - WARNING - [Strategy Dept] Signal Rejected: Session Filter (ASIA disabled)
2026-08-01 06:57:35,162 - Strategy Dept - WARNING - [Strategy Dept] Signal Rejected: Session Filter (ASIA disabled)
2026-08-01 06:57:37,168 - Strategy Dept - WARNING - [Strategy Dept] Signal Rejected: Session Filter (ASIA disabled)
2026-08-01 06:57:39,175 - Strategy Dept - WARNING - [Strategy Dept] Signal Rejected: Session Filter (ASIA disabled)
2026-08-01 06:57:41,181 - Strategy Dept - WARNING - [Strategy Dept] Signal Rejected: Session Filter (ASIA disabled)
2026-08-01 06:57:41,774 - News Dept - WARNING - [News Dept] HIGH IMPACT NEWS DETECTED (CPI/FOMC). Initiating News Blackout active window (T-30 to T+30).
2026-08-01 06:57:43,187 - Strategy Dept - WARNING - [Strategy Dept] Signal Rejected: Session Filter (ASIA disabled)
2026-08-01 06:57:45,193 - Strategy Dept - WARNING - [Strategy Dept] Signal Rejected: Session Filter (ASIA disabled)
2026-08-01 06:57:47,198 - Strategy Dept - WARNING - [Strategy Dept] Signal Rejected: Session Filter (ASIA disabled)
2026-08-01 06:57:49,205 - Strategy Dept - WARNING - [Strategy Dept] Signal Rejected: Session Filter (ASIA disabled)
2026-08-01 06:57:51,211 - Strategy Dept - WARNING - [Strategy Dept] Signal Rejected: Session Filter (ASIA disabled)
2026-08-01 06:57:53,217 - Strategy Dept - WARNING - [Strategy Dept] Signal Rejected: Session Filter (ASIA disabled)
2026-08-01 06:57:55,224 - Strategy Dept - WARNING - [Strategy Dept] Signal Rejected: Session Filter (ASIA disabled)
2026-08-01 06:57:57,231 - Strategy Dept - WARNING - [Strategy Dept] Signal Rejected: Session Filter (ASIA disabled)
2026-08-01 06:57:59,237 - Strategy Dept - WARNING - [Strategy Dept] Signal Rejected: Session Filter (ASIA disabled)
2026-08-01 06:58:01,244 - Strategy Dept - WARNING - [Strategy Dept] Signal Rejected: Session Filter (ASIA disabled)
2026-08-01 06:58:03,250 - Strategy Dept - WARNING - [Strategy Dept] Signal Rejected: Session Filter (ASIA disabled)
2026-08-01 06:58:05,256 - Strategy Dept - WARNING - [Strategy Dept] Signal Rejected: Session Filter (ASIA disabled)
2026-08-01 06:58:07,264 - Strategy Dept - WARNING - [Strategy Dept] Signal Rejected: Session Filter (ASIA disabled)
2026-08-01 06:58:09,273 - Strategy Dept - WARNING - [Strategy Dept] Signal Rejected: Session Filter (ASIA disabled)
2026-08-01 06:58:11,279 - Strategy Dept - WARNING - [Strategy Dept] Signal Rejected: Session Filter (ASIA disabled)
2026-08-01 06:58:11,781 - News Dept - INFO - [News Dept] News Blackout active window ended. Resume normal risk tolerance.
2026-08-01 06:58:13,287 - Strategy Dept - WARNING - [Strategy Dept] Signal Rejected: Session Filter (ASIA disabled)
2026-08-01 06:58:15,293 - Strategy Dept - WARNING - [Strategy Dept] Signal Rejected: Session Filter (ASIA disabled)
2026-08-01 06:58:17,300 - Strategy Dept - WARNING - [Strategy Dept] Signal Rejected: Session Filter (ASIA disabled)
2026-08-01 06:58:19,307 - Strategy Dept - WARNING - [Strategy Dept] Signal Rejected: Session Filter (ASIA disabled)
2026-08-01 06:58:21,313 - Strategy Dept - WARNING - [Strategy Dept] Signal Rejected: Session Filter (ASIA disabled)
2026-08-01 06:58:23,319 - Strategy Dept - WARNING - [Strategy Dept] Signal Rejected: Session Filter (ASIA disabled)
2026-08-01 06:58:25,326 - Strategy Dept - WARNING - [Strategy Dept] Signal Rejected: Session Filter (ASIA disabled)
2026-08-01 06:58:27,331 - Strategy Dept - WARNING - [Strategy Dept] Signal Rejected: Session Filter (ASIA disabled)
2026-08-01 06:58:29,339 - Strategy Dept - WARNING - [Strategy Dept] Signal Rejected: Session Filter (ASIA disabled)
2026-08-01 06:58:31,345 - Strategy Dept - WARNING - [Strategy Dept] Signal Rejected: Session Filter (ASIA disabled)
2026-08-01 06:58:33,352 - Strategy Dept - WARNING - [Strategy Dept] Signal Rejected: Session Filter (ASIA disabled)
2026-08-01 06:58:35,360 - Strategy Dept - WARNING - [Strategy Dept] Signal Rejected: Session Filter (ASIA disabled)
2026-08-01 06:58:37,366 - Strategy Dept - WARNING - [Strategy Dept] Signal Rejected: Session Filter (ASIA disabled)
2026-08-01 06:58:39,371 - Strategy Dept - WARNING - [Strategy Dept] Signal Rejected: Session Filter (ASIA disabled)
2026-08-01 06:58:41,378 - Strategy Dept - WARNING - [Strategy Dept] Signal Rejected: Session Filter (ASIA disabled)
2026-08-01 06:58:43,383 - Strategy Dept - WARNING - [Strategy Dept] Signal Rejected: Session Filter (ASIA disabled)
2026-08-01 06:58:45,389 - Strategy Dept - WARNING - [Strategy Dept] Signal Rejected: Session Filter (ASIA disabled)
2026-08-01 06:58:47,395 - Strategy Dept - WARNING - [Strategy Dept] Signal Rejected: Session Filter (ASIA disabled)
2026-08-01 06:58:49,401 - Strategy Dept - WARNING - [Strategy Dept] Signal Rejected: Session Filter (ASIA disabled)
2026-08-01 06:58:51,406 - Strategy Dept - WARNING - [Strategy Dept] Signal Rejected: Session Filter (ASIA disabled)
2026-08-01 06:58:53,413 - Strategy Dept - WARNING - [Strategy Dept] Signal Rejected: Session Filter (ASIA disabled)
2026-08-01 06:58:55,418 - Strategy Dept - WARNING - [Strategy Dept] Signal Rejected: Session Filter (ASIA disabled)
2026-08-01 06:58:57,425 - Strategy Dept - WARNING - [Strategy Dept] Signal Rejected: Session Filter (ASIA disabled)
2026-08-01 06:58:59,431 - Strategy Dept - WARNING - [Strategy Dept] Signal Rejected: Session Filter (ASIA disabled)
2026-08-01 06:59:01,437 - Strategy Dept - WARNING - [Strategy Dept] Signal Rejected: Session Filter (ASIA disabled)
2026-08-01 06:59:03,444 - Strategy Dept - WARNING - [Strategy Dept] Signal Rejected: Session Filter (ASIA disabled)
2026-08-01 06:59:05,450 - Strategy Dept - WARNING - [Strategy Dept] Signal Rejected: Session Filter (ASIA disabled)
2026-08-01 06:59:07,455 - Market Dept - WARNING - [Market Dept] Data Integrity violation detected. Tick rejected: {'symbol': 'XAUUSDT', 'price': 0.0, 'volume': 44.04209161381088, 'timestamp': 1497.473571613}
2026-08-01 06:59:09,457 - Strategy Dept - WARNING - [Strategy Dept] Signal Rejected: Session Filter (ASIA disabled)
2026-08-01 06:59:11,464 - Strategy Dept - WARNING - [Strategy Dept] Signal Rejected: Session Filter (ASIA disabled)
2026-08-01 06:59:13,470 - Strategy Dept - WARNING - [Strategy Dept] Signal Rejected: Session Filter (ASIA disabled)
2026-08-01 06:59:15,476 - Strategy Dept - WARNING - [Strategy Dept] Signal Rejected: Session Filter (ASIA disabled)
2026-08-01 06:59:17,482 - Strategy Dept - WARNING - [Strategy Dept] Signal Rejected: Session Filter (ASIA disabled)
2026-08-01 06:59:19,489 - Strategy Dept - WARNING - [Strategy Dept] Signal Rejected: Session Filter (ASIA disabled)
2026-08-01 06:59:21,495 - Strategy Dept - WARNING - [Strategy Dept] Signal Rejected: Session Filter (ASIA disabled)
2026-08-01 06:59:23,501 - Strategy Dept - WARNING - [Strategy Dept] Signal Rejected: Session Filter (ASIA disabled)
2026-08-01 06:59:25,510 - Strategy Dept - WARNING - [Strategy Dept] Signal Rejected: Session Filter (ASIA disabled)
2026-08-01 06:59:26,790 - News Dept - WARNING - [News Dept] HIGH IMPACT NEWS DETECTED (CPI/FOMC). Initiating News Blackout active window (T-30 to T+30).
2026-08-01 06:59:27,516 - Strategy Dept - WARNING - [Strategy Dept] Signal Rejected: Session Filter (ASIA disabled)
